// Jest Snapshot v1, https://goo.gl/fbAQLP

exports[`проверка работы рендеринга MobileCompany 1`] = `
<div
  className="MobileCompany"
>
  <input
    onClick={[Function]}
    type="button"
    value="All Companies"
  />
  <input
    onClick={[Function]}
    type="button"
    value="Velcom"
  />
  <input
    onClick={[Function]}
    type="button"
    value="MTS"
  />
  <hr />
  <input
    onClick={[Function]}
    type="button"
    value="All Clients"
  />
  <input
    onClick={[Function]}
    type="button"
    value="Active"
  />
  <input
    onClick={[Function]}
    type="button"
    value="Blocked"
  />
  <hr />
  <table
    className="Table"
  >
    <thead
      className="TableHead"
    >
      <tr>
        <td>
          Provider
        </td>
        <td>
          First Name
        </td>
        <td>
          Second Name
        </td>
        <td>
          Tarrif Plan
        </td>
        <td>
          Balance
        </td>
        <td>
          Status
        </td>
        <td>
          Edit
        </td>
        <td>
          Delete
        </td>
      </tr>
    </thead>
    <tbody
      className="TableBody"
    >
      <tr
        className="MobileClient"
      >
        <td>
          MTS
        </td>
        <td>
          Jane
        </td>
        <td>
          Smith
        </td>
        <td>
          optima
        </td>
        <td>
          300
        </td>
        <td
          className="ActiveGreen"
        >
          active
        </td>
        <td>
          <input
            onClick={[Function]}
            type="button"
            value="Edit"
          />
        </td>
        <td>
          <input
            onClick={[Function]}
            type="button"
            value="Delete"
          />
        </td>
      </tr>
      <tr
        className="MobileClient"
      >
        <td>
          Velcom
        </td>
        <td>
          Robert
        </td>
        <td>
          Collins
        </td>
        <td>
          standard
        </td>
        <td>
          500
        </td>
        <td
          className="ActiveGreen"
        >
          active
        </td>
        <td>
          <input
            onClick={[Function]}
            type="button"
            value="Edit"
          />
        </td>
        <td>
          <input
            onClick={[Function]}
            type="button"
            value="Delete"
          />
        </td>
      </tr>
      <tr
        className="MobileClient"
      >
        <td>
          MTS
        </td>
        <td>
          Thomas
        </td>
        <td>
          Lee
        </td>
        <td>
          maxi
        </td>
        <td>
          1000
        </td>
        <td
          className="ActiveGreen"
        >
          active
        </td>
        <td>
          <input
            onClick={[Function]}
            type="button"
            value="Edit"
          />
        </td>
        <td>
          <input
            onClick={[Function]}
            type="button"
            value="Delete"
          />
        </td>
      </tr>
      <tr
        className="MobileClient"
      >
        <td>
          MTS
        </td>
        <td>
          David
        </td>
        <td>
          Parker
        </td>
        <td>
          optima
        </td>
        <td>
          -200
        </td>
        <td
          className="BlockedRed"
        >
          blocked
        </td>
        <td>
          <input
            onClick={[Function]}
            type="button"
            value="Edit"
          />
        </td>
        <td>
          <input
            onClick={[Function]}
            type="button"
            value="Delete"
          />
        </td>
      </tr>
      <tr
        className="MobileClient"
      >
        <td>
          Velcom
        </td>
        <td>
          Olivia
        </td>
        <td>
          Brown
        </td>
        <td>
          standard
        </td>
        <td>
          -10
        </td>
        <td
          className="BlockedRed"
        >
          blocked
        </td>
        <td>
          <input
            onClick={[Function]}
            type="button"
            value="Edit"
          />
        </td>
        <td>
          <input
            onClick={[Function]}
            type="button"
            value="Delete"
          />
        </td>
      </tr>
      <tr
        className="MobileClient"
      >
        <td>
          MTS
        </td>
        <td>
          Mark
        </td>
        <td>
          Green
        </td>
        <td>
          optima
        </td>
        <td>
          50
        </td>
        <td
          className="ActiveGreen"
        >
          active
        </td>
        <td>
          <input
            onClick={[Function]}
            type="button"
            value="Edit"
          />
        </td>
        <td>
          <input
            onClick={[Function]}
            type="button"
            value="Delete"
          />
        </td>
      </tr>
      <tr
        className="MobileClient"
      >
        <td>
          Velcom
        </td>
        <td>
          Patricia
        </td>
        <td>
          Adams
        </td>
        <td>
          maxi
        </td>
        <td>
          30
        </td>
        <td
          className="ActiveGreen"
        >
          active
        </td>
        <td>
          <input
            onClick={[Function]}
            type="button"
            value="Edit"
          />
        </td>
        <td>
          <input
            onClick={[Function]}
            type="button"
            value="Delete"
          />
        </td>
      </tr>
    </tbody>
  </table>
  <input
    onClick={[Function]}
    type="button"
    value="Add Client"
  />
</div>
`;

exports[`проверка работы рендеринга MobileCompany 2`] = `
<div
  className="MobileCompany"
>
  <input
    onClick={[Function]}
    type="button"
    value="All Companies"
  />
  <input
    onClick={[Function]}
    type="button"
    value="Velcom"
  />
  <input
    onClick={[Function]}
    type="button"
    value="MTS"
  />
  <hr />
  <input
    onClick={[Function]}
    type="button"
    value="All Clients"
  />
  <input
    onClick={[Function]}
    type="button"
    value="Active"
  />
  <input
    onClick={[Function]}
    type="button"
    value="Blocked"
  />
  <hr />
  <table
    className="Table"
  >
    <thead
      className="TableHead"
    >
      <tr>
        <td>
          Provider
        </td>
        <td>
          First Name
        </td>
        <td>
          Second Name
        </td>
        <td>
          Tarrif Plan
        </td>
        <td>
          Balance
        </td>
        <td>
          Status
        </td>
        <td>
          Edit
        </td>
        <td>
          Delete
        </td>
      </tr>
    </thead>
    <tbody
      className="TableBody"
    >
      <tr
        className="MobileClient"
      >
        <td>
          MTS
        </td>
        <td>
          Jane
        </td>
        <td>
          Smith
        </td>
        <td>
          optima
        </td>
        <td>
          300
        </td>
        <td
          className="ActiveGreen"
        >
          active
        </td>
        <td>
          <input
            onClick={[Function]}
            type="button"
            value="Edit"
          />
        </td>
        <td>
          <input
            onClick={[Function]}
            type="button"
            value="Delete"
          />
        </td>
      </tr>
      <tr
        className="MobileClient"
      >
        <td>
          Velcom
        </td>
        <td>
          Robert
        </td>
        <td>
          Collins
        </td>
        <td>
          standard
        </td>
        <td>
          500
        </td>
        <td
          className="ActiveGreen"
        >
          active
        </td>
        <td>
          <input
            onClick={[Function]}
            type="button"
            value="Edit"
          />
        </td>
        <td>
          <input
            onClick={[Function]}
            type="button"
            value="Delete"
          />
        </td>
      </tr>
      <tr
        className="MobileClient"
      >
        <td>
          MTS
        </td>
        <td>
          Thomas
        </td>
        <td>
          Lee
        </td>
        <td>
          maxi
        </td>
        <td>
          1000
        </td>
        <td
          className="ActiveGreen"
        >
          active
        </td>
        <td>
          <input
            onClick={[Function]}
            type="button"
            value="Edit"
          />
        </td>
        <td>
          <input
            onClick={[Function]}
            type="button"
            value="Delete"
          />
        </td>
      </tr>
      <tr
        className="MobileClient"
      >
        <td>
          MTS
        </td>
        <td>
          David
        </td>
        <td>
          Parker
        </td>
        <td>
          optima
        </td>
        <td>
          -200
        </td>
        <td
          className="BlockedRed"
        >
          blocked
        </td>
        <td>
          <input
            onClick={[Function]}
            type="button"
            value="Edit"
          />
        </td>
        <td>
          <input
            onClick={[Function]}
            type="button"
            value="Delete"
          />
        </td>
      </tr>
      <tr
        className="MobileClient"
      >
        <td>
          Velcom
        </td>
        <td>
          Olivia
        </td>
        <td>
          Brown
        </td>
        <td>
          standard
        </td>
        <td>
          -10
        </td>
        <td
          className="BlockedRed"
        >
          blocked
        </td>
        <td>
          <input
            onClick={[Function]}
            type="button"
            value="Edit"
          />
        </td>
        <td>
          <input
            onClick={[Function]}
            type="button"
            value="Delete"
          />
        </td>
      </tr>
      <tr
        className="MobileClient"
      >
        <td>
          MTS
        </td>
        <td>
          Mark
        </td>
        <td>
          Green
        </td>
        <td>
          optima
        </td>
        <td>
          50
        </td>
        <td
          className="ActiveGreen"
        >
          active
        </td>
        <td>
          <input
            onClick={[Function]}
            type="button"
            value="Edit"
          />
        </td>
        <td>
          <input
            onClick={[Function]}
            type="button"
            value="Delete"
          />
        </td>
      </tr>
      <tr
        className="MobileClient"
      >
        <td>
          Velcom
        </td>
        <td>
          Patricia
        </td>
        <td>
          Adams
        </td>
        <td>
          maxi
        </td>
        <td>
          30
        </td>
        <td
          className="ActiveGreen"
        >
          active
        </td>
        <td>
          <input
            onClick={[Function]}
            type="button"
            value="Edit"
          />
        </td>
        <td>
          <input
            onClick={[Function]}
            type="button"
            value="Delete"
          />
        </td>
      </tr>
    </tbody>
  </table>
  <input
    onClick={[Function]}
    type="button"
    value="Add Client"
  />
  <div
    className="MobileClientCard"
  >
    <p>
      Add new Client
    </p>
    <p>
      <label>
        Provider:
        <input
          defaultValue=""
          type="text"
        />
      </label>
    </p>
    <p>
      <label>
        First Name:
        <input
          defaultValue=""
          type="text"
        />
      </label>
    </p>
    <p>
      <label>
        Second Name:
        <input
          defaultValue=""
          type="text"
        />
      </label>
    </p>
    <p>
      <label>
        Tarrif Plan:
        <input
          defaultValue=""
          type="text"
        />
      </label>
    </p>
    <p>
      <label>
        Balance:
        <input
          defaultValue={0}
          type="text"
        />
      </label>
    </p>
    <p>
      <input
        onClick={[Function]}
        type="button"
        value="Save"
      />
      <input
        onClick={[Function]}
        type="button"
        value="Cancel"
      />
    </p>
  </div>
</div>
`;

exports[`проверка работы рендеринга MobileCompany 3`] = `
<div
  className="MobileCompany"
>
  <input
    onClick={[Function]}
    type="button"
    value="All Companies"
  />
  <input
    onClick={[Function]}
    type="button"
    value="Velcom"
  />
  <input
    onClick={[Function]}
    type="button"
    value="MTS"
  />
  <hr />
  <input
    onClick={[Function]}
    type="button"
    value="All Clients"
  />
  <input
    onClick={[Function]}
    type="button"
    value="Active"
  />
  <input
    onClick={[Function]}
    type="button"
    value="Blocked"
  />
  <hr />
  <table
    className="Table"
  >
    <thead
      className="TableHead"
    >
      <tr>
        <td>
          Provider
        </td>
        <td>
          First Name
        </td>
        <td>
          Second Name
        </td>
        <td>
          Tarrif Plan
        </td>
        <td>
          Balance
        </td>
        <td>
          Status
        </td>
        <td>
          Edit
        </td>
        <td>
          Delete
        </td>
      </tr>
    </thead>
    <tbody
      className="TableBody"
    >
      <tr
        className="MobileClient"
      >
        <td>
          MTS
        </td>
        <td>
          Jane
        </td>
        <td>
          Smith
        </td>
        <td>
          optima
        </td>
        <td>
          300
        </td>
        <td
          className="ActiveGreen"
        >
          active
        </td>
        <td>
          <input
            onClick={[Function]}
            type="button"
            value="Edit"
          />
        </td>
        <td>
          <input
            onClick={[Function]}
            type="button"
            value="Delete"
          />
        </td>
      </tr>
      <tr
        className="MobileClient"
      >
        <td>
          Velcom
        </td>
        <td>
          Robert
        </td>
        <td>
          Collins
        </td>
        <td>
          standard
        </td>
        <td>
          500
        </td>
        <td
          className="ActiveGreen"
        >
          active
        </td>
        <td>
          <input
            onClick={[Function]}
            type="button"
            value="Edit"
          />
        </td>
        <td>
          <input
            onClick={[Function]}
            type="button"
            value="Delete"
          />
        </td>
      </tr>
      <tr
        className="MobileClient"
      >
        <td>
          MTS
        </td>
        <td>
          Thomas
        </td>
        <td>
          Lee
        </td>
        <td>
          maxi
        </td>
        <td>
          1000
        </td>
        <td
          className="ActiveGreen"
        >
          active
        </td>
        <td>
          <input
            onClick={[Function]}
            type="button"
            value="Edit"
          />
        </td>
        <td>
          <input
            onClick={[Function]}
            type="button"
            value="Delete"
          />
        </td>
      </tr>
      <tr
        className="MobileClient"
      >
        <td>
          MTS
        </td>
        <td>
          David
        </td>
        <td>
          Parker
        </td>
        <td>
          optima
        </td>
        <td>
          -200
        </td>
        <td
          className="BlockedRed"
        >
          blocked
        </td>
        <td>
          <input
            onClick={[Function]}
            type="button"
            value="Edit"
          />
        </td>
        <td>
          <input
            onClick={[Function]}
            type="button"
            value="Delete"
          />
        </td>
      </tr>
      <tr
        className="MobileClient"
      >
        <td>
          Velcom
        </td>
        <td>
          Olivia
        </td>
        <td>
          Brown
        </td>
        <td>
          standard
        </td>
        <td>
          -10
        </td>
        <td
          className="BlockedRed"
        >
          blocked
        </td>
        <td>
          <input
            onClick={[Function]}
            type="button"
            value="Edit"
          />
        </td>
        <td>
          <input
            onClick={[Function]}
            type="button"
            value="Delete"
          />
        </td>
      </tr>
      <tr
        className="MobileClient"
      >
        <td>
          MTS
        </td>
        <td>
          Mark
        </td>
        <td>
          Green
        </td>
        <td>
          optima
        </td>
        <td>
          50
        </td>
        <td
          className="ActiveGreen"
        >
          active
        </td>
        <td>
          <input
            onClick={[Function]}
            type="button"
            value="Edit"
          />
        </td>
        <td>
          <input
            onClick={[Function]}
            type="button"
            value="Delete"
          />
        </td>
      </tr>
      <tr
        className="MobileClient"
      >
        <td>
          Velcom
        </td>
        <td>
          Patricia
        </td>
        <td>
          Adams
        </td>
        <td>
          maxi
        </td>
        <td>
          30
        </td>
        <td
          className="ActiveGreen"
        >
          active
        </td>
        <td>
          <input
            onClick={[Function]}
            type="button"
            value="Edit"
          />
        </td>
        <td>
          <input
            onClick={[Function]}
            type="button"
            value="Delete"
          />
        </td>
      </tr>
    </tbody>
  </table>
  <input
    onClick={[Function]}
    type="button"
    value="Add Client"
  />
</div>
`;

exports[`проверка работы рендеринга MobileCompany 4`] = `
<div
  className="MobileCompany"
>
  <input
    onClick={[Function]}
    type="button"
    value="All Companies"
  />
  <input
    onClick={[Function]}
    type="button"
    value="Velcom"
  />
  <input
    onClick={[Function]}
    type="button"
    value="MTS"
  />
  <hr />
  <input
    onClick={[Function]}
    type="button"
    value="All Clients"
  />
  <input
    onClick={[Function]}
    type="button"
    value="Active"
  />
  <input
    onClick={[Function]}
    type="button"
    value="Blocked"
  />
  <hr />
  <table
    className="Table"
  >
    <thead
      className="TableHead"
    >
      <tr>
        <td>
          Provider
        </td>
        <td>
          First Name
        </td>
        <td>
          Second Name
        </td>
        <td>
          Tarrif Plan
        </td>
        <td>
          Balance
        </td>
        <td>
          Status
        </td>
        <td>
          Edit
        </td>
        <td>
          Delete
        </td>
      </tr>
    </thead>
    <tbody
      className="TableBody"
    >
      <tr
        className="MobileClient"
      >
        <td>
          MTS
        </td>
        <td>
          Jane
        </td>
        <td>
          Smith
        </td>
        <td>
          optima
        </td>
        <td>
          300
        </td>
        <td
          className="ActiveGreen"
        >
          active
        </td>
        <td>
          <input
            onClick={[Function]}
            type="button"
            value="Edit"
          />
        </td>
        <td>
          <input
            onClick={[Function]}
            type="button"
            value="Delete"
          />
        </td>
      </tr>
      <tr
        className="MobileClient"
      >
        <td>
          Velcom
        </td>
        <td>
          Robert
        </td>
        <td>
          Collins
        </td>
        <td>
          standard
        </td>
        <td>
          500
        </td>
        <td
          className="ActiveGreen"
        >
          active
        </td>
        <td>
          <input
            onClick={[Function]}
            type="button"
            value="Edit"
          />
        </td>
        <td>
          <input
            onClick={[Function]}
            type="button"
            value="Delete"
          />
        </td>
      </tr>
      <tr
        className="MobileClient"
      >
        <td>
          MTS
        </td>
        <td>
          Thomas
        </td>
        <td>
          Lee
        </td>
        <td>
          maxi
        </td>
        <td>
          1000
        </td>
        <td
          className="ActiveGreen"
        >
          active
        </td>
        <td>
          <input
            onClick={[Function]}
            type="button"
            value="Edit"
          />
        </td>
        <td>
          <input
            onClick={[Function]}
            type="button"
            value="Delete"
          />
        </td>
      </tr>
      <tr
        className="MobileClient"
      >
        <td>
          MTS
        </td>
        <td>
          David
        </td>
        <td>
          Parker
        </td>
        <td>
          optima
        </td>
        <td>
          -200
        </td>
        <td
          className="BlockedRed"
        >
          blocked
        </td>
        <td>
          <input
            onClick={[Function]}
            type="button"
            value="Edit"
          />
        </td>
        <td>
          <input
            onClick={[Function]}
            type="button"
            value="Delete"
          />
        </td>
      </tr>
      <tr
        className="MobileClient"
      >
        <td>
          Velcom
        </td>
        <td>
          Olivia
        </td>
        <td>
          Brown
        </td>
        <td>
          standard
        </td>
        <td>
          -10
        </td>
        <td
          className="BlockedRed"
        >
          blocked
        </td>
        <td>
          <input
            onClick={[Function]}
            type="button"
            value="Edit"
          />
        </td>
        <td>
          <input
            onClick={[Function]}
            type="button"
            value="Delete"
          />
        </td>
      </tr>
      <tr
        className="MobileClient"
      >
        <td>
          MTS
        </td>
        <td>
          Mark
        </td>
        <td>
          Green
        </td>
        <td>
          optima
        </td>
        <td>
          50
        </td>
        <td
          className="ActiveGreen"
        >
          active
        </td>
        <td>
          <input
            onClick={[Function]}
            type="button"
            value="Edit"
          />
        </td>
        <td>
          <input
            onClick={[Function]}
            type="button"
            value="Delete"
          />
        </td>
      </tr>
      <tr
        className="MobileClient"
      >
        <td>
          Velcom
        </td>
        <td>
          Patricia
        </td>
        <td>
          Adams
        </td>
        <td>
          maxi
        </td>
        <td>
          30
        </td>
        <td
          className="ActiveGreen"
        >
          active
        </td>
        <td>
          <input
            onClick={[Function]}
            type="button"
            value="Edit"
          />
        </td>
        <td>
          <input
            onClick={[Function]}
            type="button"
            value="Delete"
          />
        </td>
      </tr>
    </tbody>
  </table>
  <input
    onClick={[Function]}
    type="button"
    value="Add Client"
  />
  <div
    className="MobileClientCard"
  >
    <p>
      Edit Client
    </p>
    <p>
      <label>
        Provider:
        <input
          defaultValue="MTS"
          type="text"
        />
      </label>
    </p>
    <p>
      <label>
        First Name:
        <input
          defaultValue="Jane"
          type="text"
        />
      </label>
    </p>
    <p>
      <label>
        Second Name:
        <input
          defaultValue="Smith"
          type="text"
        />
      </label>
    </p>
    <p>
      <label>
        Tarrif Plan:
        <input
          defaultValue="optima"
          type="text"
        />
      </label>
    </p>
    <p>
      <label>
        Balance:
        <input
          defaultValue={300}
          type="text"
        />
      </label>
    </p>
    <p>
      <input
        onClick={[Function]}
        type="button"
        value="Save"
      />
      <input
        onClick={[Function]}
        type="button"
        value="Cancel"
      />
    </p>
  </div>
</div>
`;

exports[`проверка работы рендеринга MobileCompany 5`] = `
<div
  className="MobileCompany"
>
  <input
    onClick={[Function]}
    type="button"
    value="All Companies"
  />
  <input
    onClick={[Function]}
    type="button"
    value="Velcom"
  />
  <input
    onClick={[Function]}
    type="button"
    value="MTS"
  />
  <hr />
  <input
    onClick={[Function]}
    type="button"
    value="All Clients"
  />
  <input
    onClick={[Function]}
    type="button"
    value="Active"
  />
  <input
    onClick={[Function]}
    type="button"
    value="Blocked"
  />
  <hr />
  <table
    className="Table"
  >
    <thead
      className="TableHead"
    >
      <tr>
        <td>
          Provider
        </td>
        <td>
          First Name
        </td>
        <td>
          Second Name
        </td>
        <td>
          Tarrif Plan
        </td>
        <td>
          Balance
        </td>
        <td>
          Status
        </td>
        <td>
          Edit
        </td>
        <td>
          Delete
        </td>
      </tr>
    </thead>
    <tbody
      className="TableBody"
    >
      <tr
        className="MobileClient"
      >
        <td>
          MTS
        </td>
        <td>
          Jane
        </td>
        <td>
          Smith
        </td>
        <td>
          optima
        </td>
        <td>
          300
        </td>
        <td
          className="ActiveGreen"
        >
          active
        </td>
        <td>
          <input
            onClick={[Function]}
            type="button"
            value="Edit"
          />
        </td>
        <td>
          <input
            onClick={[Function]}
            type="button"
            value="Delete"
          />
        </td>
      </tr>
      <tr
        className="MobileClient"
      >
        <td>
          Velcom
        </td>
        <td>
          Robert
        </td>
        <td>
          Collins
        </td>
        <td>
          standard
        </td>
        <td>
          500
        </td>
        <td
          className="ActiveGreen"
        >
          active
        </td>
        <td>
          <input
            onClick={[Function]}
            type="button"
            value="Edit"
          />
        </td>
        <td>
          <input
            onClick={[Function]}
            type="button"
            value="Delete"
          />
        </td>
      </tr>
      <tr
        className="MobileClient"
      >
        <td>
          MTS
        </td>
        <td>
          Thomas
        </td>
        <td>
          Lee
        </td>
        <td>
          maxi
        </td>
        <td>
          1000
        </td>
        <td
          className="ActiveGreen"
        >
          active
        </td>
        <td>
          <input
            onClick={[Function]}
            type="button"
            value="Edit"
          />
        </td>
        <td>
          <input
            onClick={[Function]}
            type="button"
            value="Delete"
          />
        </td>
      </tr>
      <tr
        className="MobileClient"
      >
        <td>
          MTS
        </td>
        <td>
          David
        </td>
        <td>
          Parker
        </td>
        <td>
          optima
        </td>
        <td>
          -200
        </td>
        <td
          className="BlockedRed"
        >
          blocked
        </td>
        <td>
          <input
            onClick={[Function]}
            type="button"
            value="Edit"
          />
        </td>
        <td>
          <input
            onClick={[Function]}
            type="button"
            value="Delete"
          />
        </td>
      </tr>
      <tr
        className="MobileClient"
      >
        <td>
          Velcom
        </td>
        <td>
          Olivia
        </td>
        <td>
          Brown
        </td>
        <td>
          standard
        </td>
        <td>
          -10
        </td>
        <td
          className="BlockedRed"
        >
          blocked
        </td>
        <td>
          <input
            onClick={[Function]}
            type="button"
            value="Edit"
          />
        </td>
        <td>
          <input
            onClick={[Function]}
            type="button"
            value="Delete"
          />
        </td>
      </tr>
      <tr
        className="MobileClient"
      >
        <td>
          MTS
        </td>
        <td>
          Mark
        </td>
        <td>
          Green
        </td>
        <td>
          optima
        </td>
        <td>
          50
        </td>
        <td
          className="ActiveGreen"
        >
          active
        </td>
        <td>
          <input
            onClick={[Function]}
            type="button"
            value="Edit"
          />
        </td>
        <td>
          <input
            onClick={[Function]}
            type="button"
            value="Delete"
          />
        </td>
      </tr>
      <tr
        className="MobileClient"
      >
        <td>
          Velcom
        </td>
        <td>
          Patricia
        </td>
        <td>
          Adams
        </td>
        <td>
          maxi
        </td>
        <td>
          30
        </td>
        <td
          className="ActiveGreen"
        >
          active
        </td>
        <td>
          <input
            onClick={[Function]}
            type="button"
            value="Edit"
          />
        </td>
        <td>
          <input
            onClick={[Function]}
            type="button"
            value="Delete"
          />
        </td>
      </tr>
    </tbody>
  </table>
  <input
    onClick={[Function]}
    type="button"
    value="Add Client"
  />
</div>
`;

exports[`проверка работы рендеринга MobileCompany 6`] = `
<div
  className="MobileCompany"
>
  <input
    onClick={[Function]}
    type="button"
    value="All Companies"
  />
  <input
    onClick={[Function]}
    type="button"
    value="Velcom"
  />
  <input
    onClick={[Function]}
    type="button"
    value="MTS"
  />
  <hr />
  <input
    onClick={[Function]}
    type="button"
    value="All Clients"
  />
  <input
    onClick={[Function]}
    type="button"
    value="Active"
  />
  <input
    onClick={[Function]}
    type="button"
    value="Blocked"
  />
  <hr />
  <table
    className="Table"
  >
    <thead
      className="TableHead"
    >
      <tr>
        <td>
          Provider
        </td>
        <td>
          First Name
        </td>
        <td>
          Second Name
        </td>
        <td>
          Tarrif Plan
        </td>
        <td>
          Balance
        </td>
        <td>
          Status
        </td>
        <td>
          Edit
        </td>
        <td>
          Delete
        </td>
      </tr>
    </thead>
    <tbody
      className="TableBody"
    >
      <tr
        className="MobileClient"
      >
        <td>
          Velcom
        </td>
        <td>
          Robert
        </td>
        <td>
          Collins
        </td>
        <td>
          standard
        </td>
        <td>
          500
        </td>
        <td
          className="ActiveGreen"
        >
          active
        </td>
        <td>
          <input
            onClick={[Function]}
            type="button"
            value="Edit"
          />
        </td>
        <td>
          <input
            onClick={[Function]}
            type="button"
            value="Delete"
          />
        </td>
      </tr>
      <tr
        className="MobileClient"
      >
        <td>
          MTS
        </td>
        <td>
          Thomas
        </td>
        <td>
          Lee
        </td>
        <td>
          maxi
        </td>
        <td>
          1000
        </td>
        <td
          className="ActiveGreen"
        >
          active
        </td>
        <td>
          <input
            onClick={[Function]}
            type="button"
            value="Edit"
          />
        </td>
        <td>
          <input
            onClick={[Function]}
            type="button"
            value="Delete"
          />
        </td>
      </tr>
      <tr
        className="MobileClient"
      >
        <td>
          MTS
        </td>
        <td>
          David
        </td>
        <td>
          Parker
        </td>
        <td>
          optima
        </td>
        <td>
          -200
        </td>
        <td
          className="BlockedRed"
        >
          blocked
        </td>
        <td>
          <input
            onClick={[Function]}
            type="button"
            value="Edit"
          />
        </td>
        <td>
          <input
            onClick={[Function]}
            type="button"
            value="Delete"
          />
        </td>
      </tr>
      <tr
        className="MobileClient"
      >
        <td>
          Velcom
        </td>
        <td>
          Olivia
        </td>
        <td>
          Brown
        </td>
        <td>
          standard
        </td>
        <td>
          -10
        </td>
        <td
          className="BlockedRed"
        >
          blocked
        </td>
        <td>
          <input
            onClick={[Function]}
            type="button"
            value="Edit"
          />
        </td>
        <td>
          <input
            onClick={[Function]}
            type="button"
            value="Delete"
          />
        </td>
      </tr>
      <tr
        className="MobileClient"
      >
        <td>
          MTS
        </td>
        <td>
          Mark
        </td>
        <td>
          Green
        </td>
        <td>
          optima
        </td>
        <td>
          50
        </td>
        <td
          className="ActiveGreen"
        >
          active
        </td>
        <td>
          <input
            onClick={[Function]}
            type="button"
            value="Edit"
          />
        </td>
        <td>
          <input
            onClick={[Function]}
            type="button"
            value="Delete"
          />
        </td>
      </tr>
      <tr
        className="MobileClient"
      >
        <td>
          Velcom
        </td>
        <td>
          Patricia
        </td>
        <td>
          Adams
        </td>
        <td>
          maxi
        </td>
        <td>
          30
        </td>
        <td
          className="ActiveGreen"
        >
          active
        </td>
        <td>
          <input
            onClick={[Function]}
            type="button"
            value="Edit"
          />
        </td>
        <td>
          <input
            onClick={[Function]}
            type="button"
            value="Delete"
          />
        </td>
      </tr>
    </tbody>
  </table>
  <input
    onClick={[Function]}
    type="button"
    value="Add Client"
  />
</div>
`;
